app/(app)/builds/[buildId]/page.tsx(24,29): error TS2344: Type 'Category' does not satisfy the constraint 'string | number | symbol'.
app/(app)/builds/[buildId]/page.tsx(177,121): error TS2538: Type 'Category' cannot be used as an index type.
app/(app)/builds/new/page.tsx(12,15): error TS2305: Module '"@/types"' has no exported member 'CATEGORY_LABELS'.
app/(app)/builds/new/page.tsx(168,13): error TS2367: This comparison appears to be unintentional because the types 'Category' and 'string' have no overlap.
app/(app)/builds/new/page.tsx(174,13): error TS2367: This comparison appears to be unintentional because the types 'Category' and 'string' have no overlap.
app/(app)/builds/new/page.tsx(175,13): error TS2367: This comparison appears to be unintentional because the types 'Category' and 'string' have no overlap.
app/(app)/builds/new/page.tsx(176,13): error TS2367: This comparison appears to be unintentional because the types 'Category' and 'string' have no overlap.
app/(app)/builds/new/page.tsx(177,13): error TS2367: This comparison appears to be unintentional because the types 'Category' and 'string' have no overlap.
app/(app)/builds/new/page.tsx(499,47): error TS2538: Type 'Category' cannot be used as an index type.
app/(app)/builds/new/page.tsx(503,29): error TS2322: Type 'Category' is not assignable to type 'Key | null | undefined'.
app/(app)/builds/new/page.tsx(527,48): error TS2538: Type 'Category' cannot be used as an index type.
app/(app)/builds/new/page.tsx(669,31): error TS2538: Type 'Category' cannot be used as an index type.
app/(app)/builds/new/page.tsx(694,28): error TS2538: Type 'Category' cannot be used as an index type.
app/(app)/builds/new/page.tsx(778,43): error TS2352: Conversion of type 'string' to type 'Category' may be a mistake because neither type sufficiently overlaps with the other. If this was intentional, convert the expression to 'unknown' first.
app/(app)/builds/new/page.tsx(781,60): error TS2352: Conversion of type 'string' to type 'Category' may be a mistake because neither type sufficiently overlaps with the other. If this was intentional, convert the expression to 'unknown' first.
app/(app)/builds/new/page.tsx(809,36): error TS2367: This comparison appears to be unintentional because the types 'Category' and 'string' have no overlap.
app/(app)/builds/new/page.tsx(810,37): error TS2367: This comparison appears to be unintentional because the types 'Category' and 'string' have no overlap.
app/(app)/builds/new/page.tsx(827,35): error TS2345: Argument of type 'Category' is not assignable to parameter of type 'string'.
app/(app)/builds/new/page.tsx(835,25): error TS2367: This comparison appears to be unintentional because the types 'Category' and 'string' have no overlap.
app/(app)/builds/new/page.tsx(836,25): error TS2367: This comparison appears to be unintentional because the types 'Category' and 'string' have no overlap.
app/(app)/builds/new/page.tsx(837,25): error TS2367: This comparison appears to be unintentional because the types 'Category' and 'string' have no overlap.
app/(app)/builds/new/page.tsx(1035,29): error TS2322: Type 'Category' is not assignable to type 'Key | null | undefined'.
app/(app)/builds/new/page.tsx(1039,55): error TS2538: Type 'Category' cannot be used as an index type.
app/(app)/builds/new/page.tsx(1051,59): error TS2538: Type 'Category' cannot be used as an index type.
app/(app)/builds/new/page.tsx(1056,41): error TS2322: Type 'Category' is not assignable to type 'Key | null | undefined'.
app/(app)/builds/new/page.tsx(1058,67): error TS2538: Type 'Category' cannot be used as an index type.
app/(app)/builds/new/page.tsx(1071,52): error TS2538: Type 'Category' cannot be used as an index type.
app/(app)/builds/new/page.tsx(1082,33): error TS2322: Type 'Category' is not assignable to type 'Key | null | undefined'.
app/(app)/builds/new/page.tsx(1100,59): error TS2538: Type 'Category' cannot be used as an index type.
app/(app)/builds/page.tsx(22,40): error TS2344: Type 'Category' does not satisfy the constraint 'string | number | symbol'.
app/(app)/builds/page.tsx(58,37): error TS2367: This comparison appears to be unintentional because the types 'Category | undefined' and 'string' have no overlap.
app/(app)/builds/page.tsx(60,37): error TS2367: This comparison appears to be unintentional because the types 'Category | undefined' and 'string' have no overlap.
app/(app)/builds/page.tsx(175,21): error TS2322: Type 'Category | undefined' is not assignable to type 'ReactNode'.
  Type 'Category' is not assignable to type 'ReactNode'.
app/(app)/builds/page.tsx(271,42): error TS2538: Type 'Category' cannot be used as an index type.
app/(app)/compare/page.tsx(57,39): error TS2322: Type 'Category' is not assignable to type 'ReactNode'.
app/(app)/products/ProductsClient.tsx(682,37): error TS2322: Type 'Category | undefined' is not assignable to type 'string | undefined'.
  Type 'Category' is not assignable to type 'string'.
app/(app)/products/ProductsClient.tsx(683,37): error TS2322: Type '(category: Category) => void' is not assignable to type '(category: string) => void'.
  Types of parameters 'category' and 'category' are incompatible.
    Type 'string' is not assignable to type 'Category'.
app/(app)/products/ProductsClient.tsx(707,41): error TS2322: Type 'Category | undefined' is not assignable to type 'string | undefined'.
  Type 'Category' is not assignable to type 'string'.
app/(app)/products/ProductsClient.tsx(708,41): error TS2322: Type '(category: Category) => void' is not assignable to type '(category: string) => void'.
  Types of parameters 'category' and 'category' are incompatible.
    Type 'string' is not assignable to type 'Category'.
app/(app)/products/ProductsClient.tsx(857,47): error TS2322: Type 'Category | undefined' is not assignable to type 'string | undefined'.
  Type 'Category' is not assignable to type 'string'.
app/(app)/products/ProductsClient.tsx(857,84): error TS2322: Type '(category: Category) => void' is not assignable to type '(category: string) => void'.
  Types of parameters 'category' and 'category' are incompatible.
    Type 'string' is not assignable to type 'Category'.
app/(app)/track-order/page.tsx(415,126): error TS2322: Type 'Category' is not assignable to type 'ReactNode'.
components/dashboard/BillingInvoices.tsx(376,18): error TS2339: Property 'toLowerCase' does not exist on type 'Category'.
components/dashboard/BillingInvoices.tsx(400,9): error TS2322: Type 'Category' is not assignable to type 'string'.
components/dashboard/BrandManager.tsx(163,43): error TS2322: Type 'Category' is not assignable to type 'Key | null | undefined'.
components/dashboard/BrandManager.tsx(163,53): error TS2322: Type 'Category' is not assignable to type 'string'.
components/dashboard/BrandManager.tsx(181,38): error TS2693: 'Category' only refers to a type, but is being used as a value here.
components/dashboard/BrandManager.tsx(204,13): error TS2322: Type 'Category' is not assignable to type 'ReactNode'.
components/dashboard/BrandManager.tsx(236,57): error TS2322: Type 'Category' is not assignable to type 'ReactNode'.
components/dashboard/BrandManager.tsx(433,49): error TS2322: Type 'unknown' is not assignable to type 'Key | null | undefined'.
components/dashboard/BrandManager.tsx(434,49): error TS2322: Type 'unknown' is not assignable to type 'Category'.
components/dashboard/BrandManager.tsx(435,76): error TS2345: Argument of type 'unknown' is not assignable to parameter of type 'Category'.
components/dashboard/BrandManager.tsx(447,57): error TS2322: Type 'unknown' is not assignable to type 'Key | null | undefined'.
components/dashboard/BrandManager.tsx(448,57): error TS2322: Type 'unknown' is not assignable to type 'Category'.
components/dashboard/BrandManager.tsx(449,84): error TS2345: Argument of type 'unknown' is not assignable to parameter of type 'Category'.
components/storefront/GpuTierSection.tsx(141,34): error TS2367: This comparison appears to be unintentional because the types 'Category' and 'string' have no overlap.
components/storefront/StorefrontPageClient.tsx(50,16): error TS2538: Type 'Category' cannot be used as an index type.
components/storefront/StorefrontPageClient.tsx(50,44): error TS2538: Type 'Category' cannot be used as an index type.
lib/calculations/compatibility.ts(265,26): error TS2367: This comparison appears to be unintentional because the types 'Category' and 'string' have no overlap.
lib/calculations/compatibility.ts(266,27): error TS2367: This comparison appears to be unintentional because the types 'Category' and 'string' have no overlap.
lib/calculations/compatibility.ts(267,32): error TS2367: This comparison appears to be unintentional because the types 'Category' and 'string' have no overlap.
lib/calculations/compatibility.ts(268,32): error TS2367: This comparison appears to be unintentional because the types 'Category' and 'string' have no overlap.
lib/calculations/compatibility.ts(269,36): error TS2367: This comparison appears to be unintentional because the types 'Category' and 'string' have no overlap.
lib/calculations/compatibility.ts(270,26): error TS2367: This comparison appears to be unintentional because the types 'Category' and 'string' have no overlap.
lib/calculations/compatibility.ts(271,30): error TS2367: This comparison appears to be unintentional because the types 'Category' and 'string' have no overlap.
lib/calculations/compatibility.ts(272,29): error TS2367: This comparison appears to be unintentional because the types 'Category' and 'string' have no overlap.
lib/calculations/product.ts(26,9): error TS2367: This comparison appears to be unintentional because the types 'Category' and 'string' have no overlap.
lib/calculations/product.ts(41,22): error TS2367: This comparison appears to be unintentional because the types 'Category' and 'string' have no overlap.
lib/invoicePdf.tsx(259,39): error TS2769: No overload matches this call.
  Overload 1 of 2, '(props: PropsWithChildren<TextProps> | SVGTextProps): Text', gave the following error.
    Type 'Category' is not assignable to type 'ReactNode'.
  Overload 2 of 2, '(props: PropsWithChildren<TextProps> | SVGTextProps, context: any): Text', gave the following error.
    Type 'Category' is not assignable to type 'ReactNode'.
